Archive member included to satisfy reference by file (symbol)

e:/mplab x/avr/bin/../lib/gcc/avr/5.4.0/avr5/memx-const\libgcc.a(_exit.o)
                              C:/Program Files/Microchip/MPLABX/v5.50/packs/Microchip/ATmega_DFP/2.3.126/xc8/avr/lib/avr5/memx-const/crtatmega32.o (exit)
e:/mplab x/avr/bin/../lib/gcc/avr/5.4.0/../../../../avr/lib/avr5/memx-const\libc.a(itoa_ncheck.o)
                              build/default/production/mLCD.o (__itoa_ncheck)
e:/mplab x/avr/bin/../lib/gcc/avr/5.4.0/../../../../avr/lib/avr5/memx-const\libc.a(utoa_ncheck.o)
                              e:/mplab x/avr/bin/../lib/gcc/avr/5.4.0/../../../../avr/lib/avr5/memx-const\libc.a(itoa_ncheck.o) (__utoa_common)
e:/mplab x/avr/bin/../lib/gcc/avr/5.4.0/../../../../avr/lib/avr5/memx-const\libc.a(strrev.o)
                              e:/mplab x/avr/bin/../lib/gcc/avr/5.4.0/../../../../avr/lib/avr5/memx-const\libc.a(utoa_ncheck.o) (strrev)

Discarded input sections

 .data          0x0000000000000000        0x0 C:/Program Files/Microchip/MPLABX/v5.50/packs/Microchip/ATmega_DFP/2.3.126/xc8/avr/lib/avr5/memx-const/crtatmega32.o
 .bss           0x0000000000000000        0x0 C:/Program Files/Microchip/MPLABX/v5.50/packs/Microchip/ATmega_DFP/2.3.126/xc8/avr/lib/avr5/memx-const/crtatmega32.o
 .text          0x0000000000000000        0x0 build/default/production/MAIN.o
 .data          0x0000000000000000        0x0 build/default/production/MAIN.o
 .bss           0x0000000000000000        0x0 build/default/production/MAIN.o
 .text          0x0000000000000000        0x0 build/default/production/UART.o
 .data          0x0000000000000000        0x0 build/default/production/UART.o
 .bss           0x0000000000000000        0x0 build/default/production/UART.o
 .text.init_uart
                0x0000000000000000        0x2 build/default/production/UART.o
 .text.uart_send
                0x0000000000000000        0x2 build/default/production/UART.o
 .text.uart_send_Num
                0x0000000000000000        0x2 build/default/production/UART.o
 .text.uart_send_Str
                0x0000000000000000        0x2 build/default/production/UART.o
 .text.uart_receive
                0x0000000000000000        0x4 build/default/production/UART.o
 .debug_info    0x0000000000000000      0x348 build/default/production/UART.o
 .debug_abbrev  0x0000000000000000       0x6d build/default/production/UART.o
 .debug_aranges
                0x0000000000000000       0x40 build/default/production/UART.o
 .debug_ranges  0x0000000000000000       0x30 build/default/production/UART.o
 .debug_line    0x0000000000000000       0x78 build/default/production/UART.o
 .debug_str     0x0000000000000000        0x0 build/default/production/UART.o
 .comment       0x0000000000000000       0x30 build/default/production/UART.o
 .debug_frame   0x0000000000000000       0x64 build/default/production/UART.o
 .text          0x0000000000000000        0x0 build/default/production/mLCD.o
 .data          0x0000000000000000        0x0 build/default/production/mLCD.o
 .bss           0x0000000000000000        0x0 build/default/production/mLCD.o
 .text.LCD_EN   0x0000000000000000       0x2e build/default/production/mLCD.o
 .text.LCD_DATA
                0x0000000000000000       0x34 build/default/production/mLCD.o
 .text.LCD_CMD  0x0000000000000000       0x34 build/default/production/mLCD.o
 .text.LCD_CLEAR
                0x0000000000000000        0x8 build/default/production/mLCD.o
 .text.init_LCD
                0x0000000000000000       0xb2 build/default/production/mLCD.o
 .text.LCD_Write_Str
                0x0000000000000000       0x1e build/default/production/mLCD.o
 .text.LCD_Write_Num
                0x0000000000000000       0x3a build/default/production/mLCD.o
 .text.goto_XY  0x0000000000000000       0x1c build/default/production/mLCD.o
 .text.LCD_shiftRight
                0x0000000000000000        0x8 build/default/production/mLCD.o
 .debug_info    0x0000000000000000      0x9b8 build/default/production/mLCD.o
 .debug_abbrev  0x0000000000000000      0x1f6 build/default/production/mLCD.o
 .debug_loc     0x0000000000000000      0x40c build/default/production/mLCD.o
 .debug_aranges
                0x0000000000000000       0x60 build/default/production/mLCD.o
 .debug_ranges  0x0000000000000000       0x50 build/default/production/mLCD.o
 .debug_line    0x0000000000000000      0x246 build/default/production/mLCD.o
 .debug_str     0x0000000000000000       0x60 build/default/production/mLCD.o
 .comment       0x0000000000000000       0x30 build/default/production/mLCD.o
 .debug_frame   0x0000000000000000       0xd0 build/default/production/mLCD.o
 .text          0x0000000000000000        0x0 build/default/production/mLCD_4BIT.o
 .data          0x0000000000000000        0x0 build/default/production/mLCD_4BIT.o
 .bss           0x0000000000000000        0x0 build/default/production/mLCD_4BIT.o
 .text.LCD_EN_4bit
                0x0000000000000000       0x2e build/default/production/mLCD_4BIT.o
 .text.LCD_DATA_4bit
                0x0000000000000000       0x62 build/default/production/mLCD_4BIT.o
 .text.LCD_CMD_4bit
                0x0000000000000000       0x62 build/default/production/mLCD_4BIT.o
 .text.LCD_CLEAR_4bit
                0x0000000000000000        0x8 build/default/production/mLCD_4BIT.o
 .text.init_LCD_4bit
                0x0000000000000000       0x76 build/default/production/mLCD_4BIT.o
 .text.LCD_Write_Str_4bit
                0x0000000000000000       0x1e build/default/production/mLCD_4BIT.o
 .text.LCD_Write_Num_4bit
                0x0000000000000000       0x3a build/default/production/mLCD_4BIT.o
 .text.goto_XY_4bit
                0x0000000000000000       0x1c build/default/production/mLCD_4BIT.o
 .debug_info    0x0000000000000000      0x8fa build/default/production/mLCD_4BIT.o
 .debug_abbrev  0x0000000000000000      0x1f6 build/default/production/mLCD_4BIT.o
 .debug_loc     0x0000000000000000      0x382 build/default/production/mLCD_4BIT.o
 .debug_aranges
                0x0000000000000000       0x58 build/default/production/mLCD_4BIT.o
 .debug_ranges  0x0000000000000000       0x48 build/default/production/mLCD_4BIT.o
 .debug_line    0x0000000000000000      0x235 build/default/production/mLCD_4BIT.o
 .debug_str     0x0000000000000000       0x49 build/default/production/mLCD_4BIT.o
 .comment       0x0000000000000000       0x30 build/default/production/mLCD_4BIT.o
 .debug_frame   0x0000000000000000       0xc0 build/default/production/mLCD_4BIT.o
 .text          0x0000000000000000        0x0 build/default/production/IO.o
 .data          0x0000000000000000        0x0 build/default/production/IO.o
 .bss           0x0000000000000000        0x0 build/default/production/IO.o
 .text.isPressed
                0x0000000000000000       0x70 build/default/production/IO.o
 .text.isPress_B
                0x0000000000000000       0x18 build/default/production/IO.o
 .text.init_Buzzer
                0x0000000000000000        0x4 build/default/production/IO.o
 .text.set_Buzzer
                0x0000000000000000        0xc build/default/production/IO.o
 .text.init_Relay
                0x0000000000000000        0x4 build/default/production/IO.o
 .text.set_Relay
                0x0000000000000000        0xc build/default/production/IO.o
 .text.init_Leds
                0x0000000000000000        0xa build/default/production/IO.o
 .text.set_Led  0x0000000000000000       0x3c build/default/production/IO.o
 .text.init_Buttons
                0x0000000000000000        0x8 build/default/production/IO.o
 .text._setPortDir
                0x0000000000000000       0x74 build/default/production/IO.o
 .text.setPortDir
                0x0000000000000000       0x5c build/default/production/IO.o
 .text.setPortData
                0x0000000000000000       0x34 build/default/production/IO.o
 .text.togglePortData
                0x0000000000000000       0x44 build/default/production/IO.o
 .text.togglePinData
                0x0000000000000000       0x72 build/default/production/IO.o
 .text          0x0000000000000000        0x0 build/default/production/mMOTOR.o
 .data          0x0000000000000000        0x0 build/default/production/mMOTOR.o
 .bss           0x0000000000000000        0x0 build/default/production/mMOTOR.o
 .text.init_Motor
                0x0000000000000000       0x22 build/default/production/mMOTOR.o
 .text.Motor_Stop
                0x0000000000000000       0x22 build/default/production/mMOTOR.o
 .text.Motor_Reverse
                0x0000000000000000       0x38 build/default/production/mMOTOR.o
 .text.Motor_Forward
                0x0000000000000000       0x38 build/default/production/mMOTOR.o
 .debug_info    0x0000000000000000      0x4fb build/default/production/mMOTOR.o
 .debug_abbrev  0x0000000000000000       0xef build/default/production/mMOTOR.o
 .debug_loc     0x0000000000000000       0x90 build/default/production/mMOTOR.o
 .debug_aranges
                0x0000000000000000       0x38 build/default/production/mMOTOR.o
 .debug_ranges  0x0000000000000000       0x28 build/default/production/mMOTOR.o
 .debug_line    0x0000000000000000      0x112 build/default/production/mMOTOR.o
 .debug_str     0x0000000000000000       0x15 build/default/production/mMOTOR.o
 .comment       0x0000000000000000       0x30 build/default/production/mMOTOR.o
 .debug_frame   0x0000000000000000       0x54 build/default/production/mMOTOR.o
 .text          0x0000000000000000        0x0 e:/mplab x/avr/bin/../lib/gcc/avr/5.4.0/avr5/memx-const\libgcc.a(_exit.o)
 .data          0x0000000000000000        0x0 e:/mplab x/avr/bin/../lib/gcc/avr/5.4.0/avr5/memx-const\libgcc.a(_exit.o)
 .bss           0x0000000000000000        0x0 e:/mplab x/avr/bin/../lib/gcc/avr/5.4.0/avr5/memx-const\libgcc.a(_exit.o)
 .text.libgcc.mul
                0x0000000000000000        0x0 e:/mplab x/avr/bin/../lib/gcc/avr/5.4.0/avr5/memx-const\libgcc.a(_exit.o)
 .text.libgcc.div
                0x0000000000000000        0x0 e:/mplab x/avr/bin/../lib/gcc/avr/5.4.0/avr5/memx-const\libgcc.a(_exit.o)
 .text.libgcc   0x0000000000000000        0x0 e:/mplab x/avr/bin/../lib/gcc/avr/5.4.0/avr5/memx-const\libgcc.a(_exit.o)
 .text.libgcc.prologue
                0x0000000000000000        0x0 e:/mplab x/avr/bin/../lib/gcc/avr/5.4.0/avr5/memx-const\libgcc.a(_exit.o)
 .stack.descriptors
                0x0000000000000000       0x13 e:/mplab x/avr/bin/../lib/gcc/avr/5.4.0/avr5/memx-const\libgcc.a(_exit.o)
 .text.libgcc.builtins
                0x0000000000000000        0x0 e:/mplab x/avr/bin/../lib/gcc/avr/5.4.0/avr5/memx-const\libgcc.a(_exit.o)
 .text.libgcc.fmul
                0x0000000000000000        0x0 e:/mplab x/avr/bin/../lib/gcc/avr/5.4.0/avr5/memx-const\libgcc.a(_exit.o)
 .text.libgcc.fixed
                0x0000000000000000        0x0 e:/mplab x/avr/bin/../lib/gcc/avr/5.4.0/avr5/memx-const\libgcc.a(_exit.o)
 .text          0x0000000000000000        0x0 e:/mplab x/avr/bin/../lib/gcc/avr/5.4.0/../../../../avr/lib/avr5/memx-const\libc.a(itoa_ncheck.o)
 .data          0x0000000000000000        0x0 e:/mplab x/avr/bin/../lib/gcc/avr/5.4.0/../../../../avr/lib/avr5/memx-const\libc.a(itoa_ncheck.o)
 .bss           0x0000000000000000        0x0 e:/mplab x/avr/bin/../lib/gcc/avr/5.4.0/../../../../avr/lib/avr5/memx-const\libc.a(itoa_ncheck.o)
 .text.avrlibc  0x0000000000000000       0x16 e:/mplab x/avr/bin/../lib/gcc/avr/5.4.0/../../../../avr/lib/avr5/memx-const\libc.a(itoa_ncheck.o)
 .stack.descriptors.hdr
                0x0000000000000000        0xe e:/mplab x/avr/bin/../lib/gcc/avr/5.4.0/../../../../avr/lib/avr5/memx-const\libc.a(itoa_ncheck.o)
 .stack.descriptors
                0x0000000000000000       0x1b e:/mplab x/avr/bin/../lib/gcc/avr/5.4.0/../../../../avr/lib/avr5/memx-const\libc.a(itoa_ncheck.o)
 .text          0x0000000000000000        0x0 e:/mplab x/avr/bin/../lib/gcc/avr/5.4.0/../../../../avr/lib/avr5/memx-const\libc.a(utoa_ncheck.o)
 .data          0x0000000000000000        0x0 e:/mplab x/avr/bin/../lib/gcc/avr/5.4.0/../../../../avr/lib/avr5/memx-const\libc.a(utoa_ncheck.o)
 .bss           0x0000000000000000        0x0 e:/mplab x/avr/bin/../lib/gcc/avr/5.4.0/../../../../avr/lib/avr5/memx-const\libc.a(utoa_ncheck.o)
 .text.avrlibc  0x0000000000000000       0x34 e:/mplab x/avr/bin/../lib/gcc/avr/5.4.0/../../../../avr/lib/avr5/memx-const\libc.a(utoa_ncheck.o)
 .stack.descriptors.hdr
                0x0000000000000000        0xe e:/mplab x/avr/bin/../lib/gcc/avr/5.4.0/../../../../avr/lib/avr5/memx-const\libc.a(utoa_ncheck.o)
 .stack.descriptors
                0x0000000000000000       0x36 e:/mplab x/avr/bin/../lib/gcc/avr/5.4.0/../../../../avr/lib/avr5/memx-const\libc.a(utoa_ncheck.o)
 .text          0x0000000000000000        0x0 e:/mplab x/avr/bin/../lib/gcc/avr/5.4.0/../../../../avr/lib/avr5/memx-const\libc.a(strrev.o)
 .data          0x0000000000000000        0x0 e:/mplab x/avr/bin/../lib/gcc/avr/5.4.0/../../../../avr/lib/avr5/memx-const\libc.a(strrev.o)
 .bss           0x0000000000000000        0x0 e:/mplab x/avr/bin/../lib/gcc/avr/5.4.0/../../../../avr/lib/avr5/memx-const\libc.a(strrev.o)
 .text.avrlibc  0x0000000000000000       0x20 e:/mplab x/avr/bin/../lib/gcc/avr/5.4.0/../../../../avr/lib/avr5/memx-const\libc.a(strrev.o)
 .stack.descriptors.hdr
                0x0000000000000000        0xe e:/mplab x/avr/bin/../lib/gcc/avr/5.4.0/../../../../avr/lib/avr5/memx-const\libc.a(strrev.o)
 .stack.descriptors
                0x0000000000000000       0x14 e:/mplab x/avr/bin/../lib/gcc/avr/5.4.0/../../../../avr/lib/avr5/memx-const\libc.a(strrev.o)

Memory Configuration

Name             Origin             Length             Attributes
text             0x0000000000000000 0x0000000000008000 xr
data             0x0000000000800060 0x0000000000000800 rw !x
eeprom           0x0000000000810000 0x0000000000000400 rw !x
fuse             0x0000000000820000 0x0000000000000002 rw !x
lock             0x0000000000830000 0x0000000000000400 rw !x
signature        0x0000000000840000 0x0000000000000400 rw !x
user_signatures  0x0000000000850000 0x0000000000000400 rw !x
*default*        0x0000000000000000 0xffffffffffffffff

Linker script and memory map

LOAD C:/Program Files/Microchip/MPLABX/v5.50/packs/Microchip/ATmega_DFP/2.3.126/xc8/avr/lib/avr5/memx-const/crtatmega32.o
                0x0000000000000001                __MPLAB_BUILD = 0x1
LOAD build/default/production/MAIN.o
LOAD build/default/production/UART.o
LOAD build/default/production/mLCD.o
LOAD build/default/production/mLCD_4BIT.o
LOAD build/default/production/IO.o
LOAD build/default/production/mMOTOR.o
START GROUP
LOAD e:/mplab x/avr/bin/../lib/gcc/avr/5.4.0/../../../../avr/lib/avr5/memx-const\libm.a
END GROUP
START GROUP
LOAD e:/mplab x/avr/bin/../lib/gcc/avr/5.4.0/avr5/memx-const\libgcc.a
LOAD e:/mplab x/avr/bin/../lib/gcc/avr/5.4.0/../../../../avr/lib/avr5/memx-const\libm.a
LOAD e:/mplab x/avr/bin/../lib/gcc/avr/5.4.0/../../../../avr/lib/avr5/memx-const\libc.a
LOAD C:/Program Files/Microchip/MPLABX/v5.50/packs/Microchip/ATmega_DFP/2.3.126/xc8/avr/lib/avr5/memx-const\libatmega32.a
END GROUP
                0x0000000000000000                __TEXT_REGION_ORIGIN__ = DEFINED (__TEXT_REGION_ORIGIN__)?__TEXT_REGION_ORIGIN__:0x0
                [0x0000000000800060]                __DATA_REGION_ORIGIN__ = DEFINED (__DATA_REGION_ORIGIN__)?__DATA_REGION_ORIGIN__:0x800060
                [0x0000000000008000]                __TEXT_REGION_LENGTH__ = DEFINED (__TEXT_REGION_LENGTH__)?__TEXT_REGION_LENGTH__:0x20000
                [0x0000000000000800]                __DATA_REGION_LENGTH__ = DEFINED (__DATA_REGION_LENGTH__)?__DATA_REGION_LENGTH__:0xffa0
                [0x0000000000000400]                __EEPROM_REGION_LENGTH__ = DEFINED (__EEPROM_REGION_LENGTH__)?__EEPROM_REGION_LENGTH__:0x10000
                [0x0000000000000002]                __FUSE_REGION_LENGTH__ = DEFINED (__FUSE_REGION_LENGTH__)?__FUSE_REGION_LENGTH__:0x400
                0x0000000000000400                __LOCK_REGION_LENGTH__ = DEFINED (__LOCK_REGION_LENGTH__)?__LOCK_REGION_LENGTH__:0x400
                0x0000000000000400                __SIGNATURE_REGION_LENGTH__ = DEFINED (__SIGNATURE_REGION_LENGTH__)?__SIGNATURE_REGION_LENGTH__:0x400
                0x0000000000000400                __USER_SIGNATURE_REGION_LENGTH__ = DEFINED (__USER_SIGNATURE_REGION_LENGTH__)?__USER_SIGNATURE_REGION_LENGTH__:0x400

.hash
 *(.hash)

.dynsym
 *(.dynsym)

.dynstr
 *(.dynstr)

.gnu.version
 *(.gnu.version)

.gnu.version_d
 *(.gnu.version_d)

.gnu.version_r
 *(.gnu.version_r)

.rel.init
 *(.rel.init)

.rela.init
 *(.rela.init)

.rel.text
 *(.rel.text)
 *(.rel.text.*)
 *(.rel.gnu.linkonce.t*)

.rela.text
 *(.rela.text)
 *(.rela.text.*)
 *(.rela.gnu.linkonce.t*)

.rel.fini
 *(.rel.fini)

.rela.fini
 *(.rela.fini)

.rel.rodata
 *(.rel.rodata)
 *(.rel.rodata.*)
 *(.rel.gnu.linkonce.r*)

.rela.rodata
 *(.rela.rodata)
 *(.rela.rodata.*)
 *(.rela.gnu.linkonce.r*)

.rel.data
 *(.rel.data)
 *(.rel.data.*)
 *(.rel.gnu.linkonce.d*)

.rela.data
 *(.rela.data)
 *(.rela.data.*)
 *(.rela.gnu.linkonce.d*)

.rel.ctors
 *(.rel.ctors)

.rela.ctors
 *(.rela.ctors)

.rel.dtors
 *(.rel.dtors)

.rela.dtors
 *(.rela.dtors)

.rel.got
 *(.rel.got)

.rela.got
 *(.rela.got)

.rel.bss
 *(.rel.bss)

.rela.bss
 *(.rela.bss)

.rel.plt
 *(.rel.plt)

.rela.plt
 *(.rela.plt)

.text           0x0000000000000000       0x6c
 *(.vectors)
 .vectors       0x0000000000000000       0x54 C:/Program Files/Microchip/MPLABX/v5.50/packs/Microchip/ATmega_DFP/2.3.126/xc8/avr/lib/avr5/memx-const/crtatmega32.o
                0x0000000000000000                __vector_default
                0x0000000000000000                __vectors
 *(.vectors)
 *(.progmem.gcc*)
 *(.dinit)
 .dinit         0x0000000000000054        0x0 data_init
                0x0000000000000054                . = ALIGN (0x2)
                0x0000000000000054                __trampolines_start = .
 *(.trampolines)
 .trampolines   0x0000000000000054        0x0 linker stubs
 *(.trampolines*)
                0x0000000000000054                __trampolines_end = .
 *libprintf_flt.a:*(.progmem.data)
 *libc.a:*(.progmem.data)
                0x0000000000000054                . = ALIGN (0x2)
 *(.jumptables)
 *(.jumptables*)
 *(.lowtext)
 *(.lowtext*)
                0x0000000000000054                __ctors_start = .
 *(.ctors)
                0x0000000000000054                __ctors_end = .
                0x0000000000000054                __dtors_start = .
 *(.dtors)
                0x0000000000000054                __dtors_end = .
 SORT(*)(.ctors)
 SORT(*)(.dtors)
 *(.init0)
 .init0         0x0000000000000054        0x0 C:/Program Files/Microchip/MPLABX/v5.50/packs/Microchip/ATmega_DFP/2.3.126/xc8/avr/lib/avr5/memx-const/crtatmega32.o
                0x0000000000000054                __init
 *(.init0)
 *(.init1)
 *(.init1)
 *(.init2)
 .init2         0x0000000000000054        0xc C:/Program Files/Microchip/MPLABX/v5.50/packs/Microchip/ATmega_DFP/2.3.126/xc8/avr/lib/avr5/memx-const/crtatmega32.o
 *(.init2)
 *(.init3)
 *(.init3)
 *(.init4)
 *(.init4)
 *(.init5)
 *(.init5)
 *(.init6)
 *(.init6)
 *(.init7)
 *(.init7)
 *(.init8)
 *(.init8)
 *(.init9)
 .init9         0x0000000000000060        0x8 C:/Program Files/Microchip/MPLABX/v5.50/packs/Microchip/ATmega_DFP/2.3.126/xc8/avr/lib/avr5/memx-const/crtatmega32.o
 *(.init9)
                0x0000000000000068                . = ALIGN (0x2)
 *(.fini9)
 .fini9         0x0000000000000068        0x0 e:/mplab x/avr/bin/../lib/gcc/avr/5.4.0/avr5/memx-const\libgcc.a(_exit.o)
                0x0000000000000068                _exit
                0x0000000000000068                exit
 *(.fini9)
 *(.fini8)
 *(.fini8)
 *(.fini7)
 *(.fini7)
 *(.fini6)
 *(.fini6)
 *(.fini5)
 *(.fini5)
 *(.fini4)
 *(.fini4)
 *(.fini3)
 *(.fini3)
 *(.fini2)
 *(.fini2)
 *(.fini1)
 *(.fini1)
 *(.fini0)
 .fini0         0x0000000000000068        0x4 e:/mplab x/avr/bin/../lib/gcc/avr/5.4.0/avr5/memx-const\libgcc.a(_exit.o)
 *(.fini0)
                0x000000000000006c                _etext = .

.data           0x0000000000800060        0x0 load address 0x000000000000006c
                [!provide]                        PROVIDE (__data_start, .)
 *(.gnu.linkonce.d*)
 *(.gnu.linkonce.r*)
                0x0000000000800060                . = ALIGN (0x2)
                0x0000000000800060                _edata = .
                [!provide]                        PROVIDE (__data_end, .)

.bss            0x0000000000800060        0x0
                [!provide]                        PROVIDE (__bss_start, .)
 *(COMMON)
                [!provide]                        PROVIDE (__bss_end, .)
                0x000000000000006c                __data_load_start = LOADADDR (.data)
                0x000000000000006c                __data_load_end = (__data_load_start + SIZEOF (.data))

.noinit         0x0000000000800060        0x0
                [!provide]                        PROVIDE (__noinit_start, .)
 *(.noinit*)
                [!provide]                        PROVIDE (__noinit_end, .)
                0x0000000000800060                _end = .

.eeprom         0x0000000000810000        0x0
 *(.eeprom*)
                0x0000000000810000                __eeprom_end = .

.fuse
 *(.fuse)
 *(.lfuse)
 *(.hfuse)
 *(.efuse)

.lock
 *(.lock*)

.signature
 *(.signature*)

.user_signatures
 *(.user_signatures*)

.stab
 *(.stab)

.stabstr
 *(.stabstr)

.stab.excl
 *(.stab.excl)

.stab.exclstr
 *(.stab.exclstr)

.stab.index
 *(.stab.index)

.stab.indexstr
 *(.stab.indexstr)

.comment        0x0000000000000000       0x2f
 *(.comment)
 .comment       0x0000000000000000       0x2f build/default/production/MAIN.o
                                         0x30 (size before relaxing)
 .comment       0x000000000000002f       0x30 build/default/production/IO.o

.stack.descriptors.hdr
                0x0000000000000000        0xe
 .stack.descriptors.hdr
                0x0000000000000000        0xe e:/mplab x/avr/bin/../lib/gcc/avr/5.4.0/avr5/memx-const\libgcc.a(_exit.o)

.note.gnu.build-id
 *(.note.gnu.build-id)

.debug
 *(.debug)

.line
 *(.line)

.debug_srcinfo
 *(.debug_srcinfo)

.debug_sfnames
 *(.debug_sfnames)

.debug_aranges  0x0000000000000000       0xb8
 *(.debug_aranges)
 .debug_aranges
                0x0000000000000000       0x20 build/default/production/MAIN.o
 .debug_aranges
                0x0000000000000020       0x98 build/default/production/IO.o

.debug_pubnames
 *(.debug_pubnames)

.debug_info     0x0000000000000000      0xdc5
 *(.debug_info .gnu.linkonce.wi.*)
 .debug_info    0x0000000000000000      0x4e6 C:/Program Files/Microchip/MPLABX/v5.50/packs/Microchip/ATmega_DFP/2.3.126/xc8/avr/lib/avr5/memx-const/crtatmega32.o
 .debug_info    0x00000000000004e6      0x34d build/default/production/MAIN.o
 .debug_info    0x0000000000000833      0x592 build/default/production/IO.o

.debug_abbrev   0x0000000000000000      0x68f
 *(.debug_abbrev)
 .debug_abbrev  0x0000000000000000      0x4a3 C:/Program Files/Microchip/MPLABX/v5.50/packs/Microchip/ATmega_DFP/2.3.126/xc8/avr/lib/avr5/memx-const/crtatmega32.o
 .debug_abbrev  0x00000000000004a3       0xe6 build/default/production/MAIN.o
 .debug_abbrev  0x0000000000000589      0x106 build/default/production/IO.o

.debug_line     0x0000000000000000      0x681
 *(.debug_line .debug_line.* .debug_line_end)
 .debug_line    0x0000000000000000      0x119 C:/Program Files/Microchip/MPLABX/v5.50/packs/Microchip/ATmega_DFP/2.3.126/xc8/avr/lib/avr5/memx-const/crtatmega32.o
 .debug_line    0x0000000000000119       0xac build/default/production/MAIN.o
 .debug_line    0x00000000000001c5      0x4bc build/default/production/IO.o

.debug_frame    0x0000000000000000      0x138
 *(.debug_frame)
 .debug_frame   0x0000000000000000       0x24 build/default/production/MAIN.o
 .debug_frame   0x0000000000000024      0x114 build/default/production/IO.o

.debug_str      0x0000000000000000      0x1c0
 *(.debug_str)
 .debug_str     0x0000000000000000      0x196 C:/Program Files/Microchip/MPLABX/v5.50/packs/Microchip/ATmega_DFP/2.3.126/xc8/avr/lib/avr5/memx-const/crtatmega32.o
 .debug_str     0x0000000000000196       0x15 build/default/production/MAIN.o
 .debug_str     0x00000000000001ab       0x15 build/default/production/IO.o

.debug_loc      0x0000000000000000      0x52c
 *(.debug_loc)
 .debug_loc     0x0000000000000000       0x48 build/default/production/MAIN.o
 .debug_loc     0x0000000000000048      0x4e4 build/default/production/IO.o

.debug_macinfo
 *(.debug_macinfo)

.debug_weaknames
 *(.debug_weaknames)

.debug_funcnames
 *(.debug_funcnames)

.debug_typenames
 *(.debug_typenames)

.debug_varnames
 *(.debug_varnames)

.debug_pubtypes
 *(.debug_pubtypes)

.debug_ranges   0x0000000000000000       0x98
 *(.debug_ranges)
 .debug_ranges  0x0000000000000000       0x10 build/default/production/MAIN.o
 .debug_ranges  0x0000000000000010       0x88 build/default/production/IO.o

.debug_macro
 *(.debug_macro)
OUTPUT(dist/default/production/CONTROLING_CAR_WITH_HAND_MOTION.X.production.elf elf32-avr)
LOAD linker stubs
LOAD data_init

.note.gnu.avr.deviceinfo
                0x0000000000000000       0x3c
 .note.gnu.avr.deviceinfo
                0x0000000000000000       0x3c C:/Program Files/Microchip/MPLABX/v5.50/packs/Microchip/ATmega_DFP/2.3.126/xc8/avr/lib/avr5/memx-const/crtatmega32.o

.text.setPinDir
                0x000000000000006c       0xf0
 .text.setPinDir
                0x000000000000006c       0xf0 build/default/production/IO.o
                0x000000000000006c                setPinDir

.text.setPinData
                0x000000000000015c       0xf0
 .text.setPinData
                0x000000000000015c       0xf0 build/default/production/IO.o
                0x000000000000015c                setPinData

.text.main      0x000000000000024c       0x38
 .text.main     0x000000000000024c       0x38 build/default/production/MAIN.o
                0x000000000000024c                main

.text           0x0000000000000284        0x4
 .text          0x0000000000000284        0x4 C:/Program Files/Microchip/MPLABX/v5.50/packs/Microchip/ATmega_DFP/2.3.126/xc8/avr/lib/avr5/memx-const/crtatmega32.o
                0x0000000000000284                __vector_1
                0x0000000000000284                __vector_12
                0x0000000000000284                __bad_interrupt
                0x0000000000000284                __vector_6
                0x0000000000000284                __vector_3
                0x0000000000000284                __vector_11
                0x0000000000000284                __vector_13
                0x0000000000000284                __vector_17
                0x0000000000000284                __vector_19
                0x0000000000000284                __vector_7
                0x0000000000000284                __vector_5
                0x0000000000000284                __vector_4
                0x0000000000000284                __vector_9
                0x0000000000000284                __vector_2
                0x0000000000000284                __vector_15
                0x0000000000000284                __vector_8
                0x0000000000000284                __vector_14
                0x0000000000000284                __vector_10
                0x0000000000000284                __vector_16
                0x0000000000000284                __vector_18
                0x0000000000000284                __vector_20
